// Jest Snapshot v1, https://goo.gl/fbAQLP

exports[`<AddDeviceForm /> should render form 1`] = `
<div>
  <form>
    <h3>
      Add Device
    </h3>
    <p>
      Upload token file generated by device you want to control remotely.
    </p>
    <div
      class="form-group col-sm-12 offset-lg-1 col-lg-10"
    >
      <label
        class="custom-file-label"
        for="1"
      >
        Token file
      </label>
      <div
        class="input-group custom-file"
      >
        <input
          accept=".tar.gz,.tgz"
          class="form-control custom-file-input"
          files=""
          id="1"
          type="file"
        />
      </div>
    </div>
    <button
      class="btn btn-primary  offset-lg-8 col-lg-3 col-sm-12"
      disabled=""
      type="submit"
    >
       
       
      Upload token
    </button>
  </form>
</div>
`;
