// Jest Snapshot v1, https://goo.gl/fbAQLP

exports[`<RemoteDevices /> should render component 1`] = `
<div>
  <h1>
    Devices
  </h1>
  <p>
    You can set up other Turris routers to be managed remotely by this device.
  </p>
  <p>
    To authorize your router, you will need a token file that can be obtained with the "Remote Access" plugin on the target device.
  </p>
  <div
    class="card p-4 col-sm-12 col-lg-12 p-0 mb-4"
  >
    <h2>
      Add Device
    </h2>
    <p>
      Upload token file generated by the device you want to control remotely.
    </p>
    <form
      class="position-relative"
    >
      <div
        class="mb-3"
      >
        <label
          class="form-label custom-file-label"
          for="1"
        >
          Choose token file...
        </label>
        <div
          class="input-group custom-file"
        >
          <input
            accept=".tar.gz,.tgz"
            class="form-control custom-file-input"
            files=""
            id="1"
            type="file"
          />
        </div>
      </div>
      <div
        class="text-end"
      >
        <button
          class="btn btn-primary col-12 col-md-3 col-lg-2 d-inline-flex justify-content-center align-items-center"
          data-testid="upload-token-button"
          disabled=""
          type="submit"
        >
          <span>
            Upload token
          </span>
        </button>
      </div>
    </form>
  </div>
  <div
    class="card p-4 col-sm-12 col-lg-12 p-0 mb-4"
  >
    <h2>
      Devices List
    </h2>
    <p
      class="text-muted text-center mb-0"
    >
      No devices added yet.
    </p>
  </div>
</div>
`;
